Test add: 18 (should be 18)
Test2 add: 31 (should be 31)
Testp add: 18 (should be 18)
Testp2 add: 31 (should be 31)
Test add: 18 (should be 18)
Test2 add: 31 (should be 31)
Testp add: 18 (should be 18)
Testp2 add: 31 (should be 31)
Test add: 18 (should be 18)
Test2 add: 31 (should be 31)
Testp add: 18 (should be 18)
Testp2 add: 31 (should be 31)
Test sub: 4 (should be 4)
Test2 sub: -9 (should be -9)
Testp sub: -4 (should be -4)
Testp2 sub: 9 (should be 9)
Test sub: 4 (should be 4)
Test2 sub: -9 (should be -9)
Testp sub: -4 (should be -4)
Testp2 sub: 9 (should be 9)
Test sub: 4 (should be 4)
Test2 sub: -9 (should be -9)
Testp sub: -4 (should be -4)
Testp2 sub: 9 (should be 9)
Test or: 15 (should be 15)
Test2 or: 31 (should be 31)
Testp or: 15 (should be 15)
Testp2 or: 31 (should be 31)
Test or: 15 (should be 15)
Test2 or: 31 (should be 31)
Testp or: 15 (should be 15)
Testp2 or: 31 (should be 31)
Test or: 15 (should be 15)
Test2 or: 31 (should be 31)
Testp or: 15 (should be 15)
Testp2 or: 31 (should be 31)
Test and: 3 (should be 3)
Test2 and: 0 (should be 0)
Testp and: 3 (should be 3)
Testp2 and: 0 (should be 0)
Test and: 3 (should be 3)
Test2 and: 0 (should be 0)
Testp and: 3 (should be 3)
Testp2 and: 0 (should be 0)
Test and: 3 (should be 3)
Test2 and: 0 (should be 0)
Testp and: 3 (should be 3)
Testp2 and: 0 (should be 0)
Test xor: 12 (should be 12)
Test2 xor: 31 (should be 31)
Testp xor: 12 (should be 12)
Testp2 xor: 31 (should be 31)
Test xor: 12 (should be 12)
Test2 xor: 31 (should be 31)
Testp xor: 12 (should be 12)
Testp2 xor: 31 (should be 31)
Test xor: 12 (should be 12)
Test2 xor: 31 (should be 31)
Testp xor: 12 (should be 12)
Testp2 xor: 31 (should be 31)
Test cmp: 0 (should be 0)
Test2 cmp: 1 (should be 1)
Testp cmp: 1 (should be 1)
Testp2 cmp: 0 (should be 0)
Test cmp: 0 (should be 0)
Test2 cmp: 1 (should be 1)
Testp cmp: 1 (should be 1)
Testp2 cmp: 0 (should be 0)
Test cmp: 0 (should be 0)
Test2 cmp: 1 (should be 1)
Testp cmp: 1 (should be 1)
Testp2 cmp: 0 (should be 0)
Test shl: 1408 (should be 1408)
Test2 shl: 11534336 (should be 11534336)
Testp shl: 14336 (should be 14336)
Testp2 shl: 40960 (should be 40960)
Test shl: 1408 (should be 1408)
Test2 shl: 0 (should be 11534336)
Testp shl: 14336 (should be 14336)
Testp2 shl: -24576 (should be 40960)
Test shl: -128 (should be 1408)
Test2 shl: 0 (should be 11534336)
Testp shl: 0 (should be 14336)
Testp2 shl: 0 (should be 40960)
Test shr: 0 (should be 0)
Test2 shr: 0 (should be 0)
Testp shr: 0 (should be 0)
Testp2 shr: 0 (should be 0)
Test shr: 0 (should be 0)
Test2 shr: 0 (should be 0)
Testp shr: 0 (should be 0)
Testp2 shr: 0 (should be 0)
Test shr: 0 (should be 0)
Test2 shr: 0 (should be 0)
Testp shr: 0 (should be 0)
Testp2 shr: 0 (should be 0)
