C/should_warn/enumbitfield.c:6:49: warning: bitfield 'm0' is too small for enum 'enum e0' [-Wbitfield-size]
C/should_warn/enumbitfield.c:7:49: warning: bitfield 'm1' is too small for enum 'enum e1' [-Wbitfield-size]
C/should_warn/enumbitfield.c:8:49: warning: bitfield 'm2' is too small for enum 'enum e2' [-Wbitfield-size]
C/should_warn/enumbitfield.c:11:49: warning: bitfield 'm5' is too small for enum 'enum e5' [-Wbitfield-size]
C/should_warn/enumbitfield.c:13:49: warning: bitfield 'm7' is too small for enum 'enum e7' [-Wbitfield-size]
