C/should_warn/missing_return.c:4:2: warning: control reaches end of non-void function [-Wreturn-type]
C/should_warn/missing_return.c:9:3: warning: control reaches end of non-void function [-Wreturn-type]
C/should_warn/missing_return.c:27:2: warning: statement is unreachable [-Wunreachable-code]
C/should_warn/missing_return.c:33:10: warning: condition of do-while-loop is unreachable [-Wunreachable-code]
C/should_warn/missing_return.c:37:2: warning: control reaches end of non-void function [-Wreturn-type]
C/should_warn/missing_return.c:55:2: warning: control reaches end of non-void function [-Wreturn-type]
C/should_warn/missing_return.c:53:2: warning: statement is unreachable [-Wunreachable-code]
C/should_warn/missing_return.c:67:2: warning: control reaches end of non-void function [-Wreturn-type]
C/should_warn/missing_return.c:65:2: warning: statement is unreachable [-Wunreachable-code]
