C/should_warn/stupid_formats.c:12:35: warning: dangling % in format string [-Wformat]
C/should_warn/stupid_formats.c:13:35: warning: dangling % in format string [-Wformat]
C/should_warn/stupid_formats.c:14:35: warning: dangling % in format string [-Wformat]
C/should_warn/stupid_formats.c:15:35: warning: dangling % in format string [-Wformat]
C/should_warn/stupid_formats.c:17:35: warning: encountered unknown conversion specifier '%w' at position 1 [-Wformat]
C/should_warn/stupid_formats.c:17:35: warning: too few arguments for format string [-Wformat]
