# 1 "preproctest/stringify.c"
# 1 "<built-in>"
# 1 "<command-line>"
# 1 "preproctest/stringify.c"

"-5"
"42.45"
"1234"
"\"Hel\\\"lo\""
"\"Bl\\a\""
"\"Foo\\n\""
"<:"
"$"
"@"
"ä"
""


"1+1"
"1+1"
"1+ 1"
"1+ 1"
"1 +1"
"1 +1"
"1 + 1"
"1 + 1"
"1+1"
"1+1"
"1+ 1"
"1+ 1"
"1 +1"
"1 +1"
"1 + 1"
"1 + 1"


"blo"
"blam"


"macro(x,y)"
