         a: 4
         b: 8
         c: 8
        *p: 4
     a + 0: 4
     b + 0: 4
     c + 0: 4
       *&a: 4
       *&b: 8
       *&c: 8
   (&a)[0]: 4
   (&b)[0]: 8
   (&c)[0]: 8
         x: 4
       x.i: 4
         y: 8
       y.i: 8
         z: 8
       z.i: 8
         v: 8
       v.i: 4
         w: 8
       w.i: 4
