SSSSSSSSSSSSSSSSaaaaaaaaaaaaaaaaaaaaaaaaaaaaaaaaaaaaaaaaaaaaaaaaaaaaaaaaaaaaaaa
SSSSSSSSSSSSSSaaaaaaaaaaaaaaaaaaaaaaaaaaaaaaaaaaaaaaaaaaaaaaaaaaaaaaaaaaaaaaaaa
SSSSSSSSSSSSSaaaaaaaaaaaaaaaaasssssssssssssssssssssaaaaaaaaaaaaaaaaaaaaaaaaaaaa
SSSSSSSSSSSaaaaaaaaaaaasssssssssssssssssssssssssssssssssssaaaaaaaaaaaaaaaaaaaaa
SSSSSSSSSSaaaaaaaaasssssssssssssssssssssssccccchaahhccccssssssaaaaaaaaaaaaaaaaa
SSSSSSSSaaaaaaaassssssssssssssssssssssccccccchhaaSSaahccccccsssssaaaaaaaaaaaaaa
SSSSSSSaaaaaasssssssssssssssssssssscccccccchhhhaassaaaahccccccssssssaaaaaaaaaaa
SSSSSSaaaaasssssssssssssssssssssccccccccchhhhaSashhhhaSahhccccccssssssaaaaaaaaa
SSSSSaaaasssssssssssssssssssssccccccccchhhaaaaaaa   ahSSahhhhccccsssssssaaaaaaa
SSSSaaassssssssssssssssssssccccccccchhaaaaSSSaa      ScaSaaahhhhccssssssssaaaaa
SSSSaasssssssssssssssssssccccccchhhhSchacsscaaSc     sahcaaSSSaSahccsssssssaaaa
SSSaasssssssssssssssssccccchhhhhhhaaSha  ca               shaacasahcssssssssaaa
SSaasssssssssssssssccchhhhhhhhhaaaaaacSS                       cSahhcssssssssaa
SSassssssssssssccchaaaaahhhhaaaaSSsh a                        scSahhccssssssssa
SassssssscccccchhhaaaaSSSacaSSSSaahs                           hssShcccssssssss
SassscccccccchhhhaSacSssaahSSScsschs                            saahcccssssssss
SsscccccccchhhhhaSSacSs        aSaa                              sahccccsssssss
ScccccccchhhhaaahsshS            a                              cShhccccsssssss
SchhhhhaaaaaSSashcSsh                                          aSahhccccsssssss
Shssac ssa hc                                                acaSahhccccsssssss
SchhhhhaaaaaSSashcSsh                                          aSahhccccsssssss
ScccccccchhhhaaahsshS            a                              cShhccccsssssss
SsscccccccchhhhhaSSacSs        aSaa                              sahccccsssssss
SassscccccccchhhhaSacSssaahSSScsschs                            saahcccssssssss
SassssssscccccchhhaaaaSSSacaSSSSaahs                           hsaShcccssssssss
SSassssssssssssccchaaaaahhhhaaaaSSsh a                        scSahhccssssssssa
SSaasssssssssssssssccchhhhhhhhhaaaaaacSS                       cSahhcssssssssaa
SSSaasssssssssssssssssccccchhhhhhhaaSha  ca               shaacasahcssssssssaaa
SSSSaasssssssssssssssssssccccccchhhhSchacsscaaSc     sahcaaSSSaSahccsssssssaaaa
SSSSaaassssssssssssssssssssccccccccchhaaaaSSSaa      ScaSaaahhhhccssssssssaaaaa
SSSSSaaaasssssssssssssssssssssccccccccchhhaaaaaaa   ShSSahhhhccccsssssssaaaaaaa
SSSSSSaaaaasssssssssssssssssssssccccccccchhhhaSashhhhaSahhccccccssssssaaaaaaaaa
SSSSSSSaaaaaasssssssssssssssssssssscccccccchhhhaassaaaahccccccssssssaaaaaaaaaaa
SSSSSSSSaaaaaaaassssssssssssssssssssssccccccchhaaSSaahccccccsssssaaaaaaaaaaaaaa
SSSSSSSSSSaaaaaaaaasssssssssssssssssssssssccccchaahhccccssssssaaaaaaaaaaaaaaaaa
SSSSSSSSSSSaaaaaaaaaaaasssssssssssssssssssssssssssssssssssaaaaaaaaaaaaaaaaaaaaa
SSSSSSSSSSSSSaaaaaaaaaaaaaaaaasssssssssssssssssssssaaaaaaaaaaaaaaaaaaaaaaaaaaaa
SSSSSSSSSSSSSSaaaaaaaaaaaaaaaaaaaaaaaaaaaaaaaaaaaaaaaaaaaaaaaaaaaaaaaaaaaaaaaaa
SSSSSSSSSSSSSSSSaaaaaaaaaaaaaaaaaaaaaaaaaaaaaaaaaaaaaaaaaaaaaaaaaaaaaaaaaaaaaaa
SSSSSSSSSSSSSSSSSSSaaaaaaaaaaaaaaaaaaaaaaaaaaaaaaaaaaaaaaaaaaaaaaaaaaaaaaaaaaaa
