escaped &g0: 1 (must not be 0)
escaped &g1: 1 (must not be 0)
escaped &g2: 1 (must not be 0)
escaped &g3: 1 (must not be 0)
escaped &g4: 1 (must not be 0)
escaped &g5: 1 (must not be 0)
escaped &g6: 1 (must not be 0)
escaped &g7: 1 (must not be 0)
escaped &n0: 0 (should be 0)
escaped &n1: 0 (should be 0)
escaped &n2: 0 (should be 0)
escaped &n3: 0 (should be 0)
escaped &n4: 0 (should be 0)
escaped &n5: 0 (should be 0)
escaped &n6: 0 (should be 0)
