unknown (-5)
minus four
unknown (-3)
unknown (-2)
minus one
zero
unknown (1)
two
three
four
five
unknown (6)
unknown (7)
unknown (8)
unknown (9)
unknown (4294967297)
zero
unknown (0x1)
two
three
four
five
unknown (0x6)
unknown (0x7)
unknown (0x8)
unknown (0x9)
huge 0x100000001
unknown (0x100000002)
64bit max
